git config --global user.name "songminju"
git --version
sudo apt-get install git
git --version
git config --global user.name "songminju"
git config --global user.mail "tisu79@naver.com"
ls
git clone https://github.com/mingjuu/lab-socket-programming.git
ls
cd lab-socket-programming/
ls
clear
ls
sudo install tcp
python tcp-client.py
sudo apt-get install python3.6
python3 --version
sudo apt-get install python3.6
python tcp-client.py
python3 tcp-client.py
ls
cd github-webhooks/
ls
clear
ls
cd..
ls
cd ..
ls
cp webhooks.py github-webhooks/
ㅣㄴ
ls
cd github-webhooks/
ls
cd ..
rbf070962@linux1:~/github-webhooks$ ls
rbf070962@linux1:~/github-webhooks$ cd..
-bash: cd..: command not found
rbf070962@linux1:~/github-webhooks$ ls
rbf070962@linux1:~/github-webhooks$ cd ..
rbf070962@linux1:~$ ls
github-webhooks  lab-socket-programming  webhooks.py
rbf070962@linux1:~$ cp webhooks.py github-webhooks/
rbf070962@linux1:~$ ㅣㄴ
-bash: ㅣㄴ: command not found
rbf070962@linux1:~$ ㅣㄴ
-bash: ㅣㄴ: command not found
rbf070962@linux1:~$ ls
github-webhooks  lab-socket-programming  webhooks.py
rbf070962@linux1:~$ ls
github-webhooks  lab-socket-programming  webhooks.py
rbf070962@linux1:~$ cd github-webhooks/
rbf070962@linux1:~/github-webhooks$ ls
webhooks.py
rbf070962@linux1:~/github-webhooks$ cd ..
rbf070962@linux1:~$ ls webh
ㅣㄴ
ls
cearl
clear
ls
rbf070962@linux1:~/github-webhooks$ ls
rbf070962@linux1:~/github-webhooks$ cd..
-bash: cd..: command not found
rbf070962@linux1:~/github-webhooks$ ls
rbf070962@linux1:~/github-webhooks$ cd ..
rbf070962@linux1:~$ ls
github-webhooks  lab-socket-programming  webhooks.py
rbf070962@linux1:~$ cp webhooks.py github-webhooks/
rbf070962@linux1:~$ ㅣㄴ
-bash: ㅣㄴ: command not found
rbf070962@linux1:~$ ㅣㄴ
-bash: ㅣㄴ: command not found
rbf070962@linux1:~$ ls
github-webhooks  lab-socket-programming  webhooks.py
rbf070962@linux1:~$ ls
github-webhooks  lab-socket-programming  webhooks.py
rbf070962@linux1:~$ cd github-webhooks/
rbf070962@linux1:~/github-webhooks$ ls
webhooks.py
rbf070962@linux1:~/github-webhooks$ cd ..
rbf070962@linux1:~$ ls webhclear
ls
clear
rm webhooks.py
ls
cd lab-socket-programming/
ls
more tcp-server.py
pm2 ls
• pm2 start webhooks.py -–name webhooks -–interpreter
python3
ls
cd github-webhooks/
pm2 start webhooks.py --name webhooks --interpreter python3 --watch
pwd
ls
cd ..
ls
cd rbf070962/
ls
mv webhooks.py github-webhooks/
ls
cd github-webhooks/
ls
clear
pm2 start webhooks.py --name webhooks --interpreter python3 --watch
pm2 ls
pw2 log
pm2 logs
ls
cd ..
ls
mv webhooks.py github-webhooks/
ls
cd github-webhooks/
ls
pm2 start webhooks.py --name webhooks --interpreter python3 --watch
pm2 logs
pip3 install Flask Flask-RESTful
pm2 start webhooks.py --name webhooks --interpreter python3 --watch
pm2 logs
pm2 start webhooks.py --name webhooks --interpreter python3 --watch
pm2 logs
pip3 install Flask Flask-RESTful
pm2 logs
pm2 start webhooks.py --name webhooks --interpreter python3 --watch
pm2 logs
pip3 install Flask Flask-RESTful
sudo pip3 install Flask Flask-RESTful
pm2 start webhooks.py --name webhooks --interpreter python3 --watch
pm2 logs
ls
cd .
cld ..
ls
cd ..
ls
mv webhooks.py github-webhooks/
ls
cd github-webhooks/
ls
pm2 start webhooks.py --name webhooks --interpreter python3 --watch
pm2 restart webhooks
pm2 start webhooks.py --name webhooks --interpreter python3 --watch -f
pm2 logs
pm2 delete 1
ls
cd ..
ls
cd lab-socket-programming/
ls
pm2 start tcp-receiver.py –name tcp-receiver –interpreter
python3 –watch
pm2 start tcp-receiver.py --name tcp-receiver --interpreter python3 --watch
chmod +x /home/rbf070962/lab-socket-programming/tcp-receiver.py
pwd
ls /home/rbf070962/lab-socket-programming/tcp-receiver.py
clear
ls
pm2 start tcp-server.py --name tcp-server --interpreter python3 --watch
pm2 ls
ls
cd..
cd ..
ls
mv tcp-server.py  github-webhooks/
ls
cd ..
ls
cd rbf070962/
ls
cd github-webhooks/
ls
mv tcp-server.py  rbf070962
ls
rm rbf070962
ls
cd ...
cd ..
ls
cd lab-socket-programming/
ls
cd ..
ls
mv tcp-server.py lab-socket-programming/
l
ls lab-socket-programming/
ls
git push
ls
git init
git remote add origin https://github.com/mingjuu/lab-socket-programming.git
git add .
git commit -m "pleas"
git push -u origin master
git clone https://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@github.com/minjuu/lab-socket-programming.git
git clone https://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@github.com/minjuu/lab-socket.git
ls
cd ..
ls
cd rbf070962/
ls
git clone https://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@github.com/minjuu/lab-socket-programming.git
rm -rf lab-socket-programming
git clone https://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@github.com/minjuu/lab-socket-programming.git
git clone https://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@github.com/mingjuu/lab-socket-programming.git
ls
git clone https://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@github.com/mingjuu/lab-socket-programming.git
ㅣㄴ
ls
cd lab-socket-programming/
ls
pthon tcp-client
python3 tcp-client
ls
python3 tcp-client.py
python3 tcp-server.py
c d..
ls
cd ..
ls
git init
git add .
git commit -m "lab"
git remote add origin https://mingjuu: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@github.com/mingjuu/lab-socket.git
git remote add origin https://mingjuu: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@github.com/mingjuu/lab-socket-programming.git
git remote remove origin
git remote add origin https://mingjuu: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@github.com/mingjuu/lab-socket.git
git push
git push --set-upstream origin master
git push
ls
cd lab-socket-programming/
ls
python3 tcp-server.py
ls
cd github-webhooks/
ls
pm2 start webhooks.py --name webhooks --interpreter python3 --watch -f
pm2 log
pm2 ls
pwm log
pm2 log
pm2 ls
pm2 start webhooks.py --name webhooks --interpreter python3 --watch -f
ls
cd github-webhooks/
pm2 start webhooks.py --name webhooks --interpreter python3 --watch -f
pm2 start tcp-server.py --name tcp-receiver --interpreter python3 --watch
ls
cd ..
ls
cd lab-socket-programming/
pm2 start tcp-server.py --name tcp-receiver --interpreter python3 --watch
pm2 log
pm2 delete webhooks
ls
cd ..
ls
cd githgu
cd github-webhooks/
pm2 start tcp-server.py --name tcp-receiver --interpreter python3 --watch
pm2 start webhooks.py --name webhooks --interpreter python3 --watch -f
ls
cd ..
ls
cd lab-socket-programming/
python3 tcp-server
python3 tcp-server.py
pm2 delete 1
pm2 delete 2
cd ..
ls
cd github-webhooks/
pm2 start webhooks.py --name webhooks --interpreter python3 --watch -f
pm2 log
pm2 ls
pm2 restart webhooks
pm2 log
pm2 ls
pm2 restart webhooks
pm2 log
ls
cd github-webhooks/
l
ls
pm2 start webhooks.py –-name webhooks –-interpreter
python3
